// Jest Snapshot v1, https://goo.gl/fbAQLP

exports[`Banner at the top of the page the component loads correctly 1`] = `
Object {
  "baseElement": <html>
    <head>
      <style
        data-styled-components=""
      >
        
        
/* sc-component-id: sc-bdVaJa */
.sc-bdVaJa {} .hzSnTR{background-size:cover;background-repeat:no-repeat;background-image:url('testurl');position:relative;background-position:50%;height:95vh;max-height:670px;text-align:center;padding-top:114px;padding-top:11.4rem;} @media (max-width:767px){.hzSnTR{padding-top:84px;padding-top:8.4rem;}} .hzSnTR:before{content:"";position:absolute;top:0;right:0;bottom:0;left:0;background-color:rgba(74,74,74,.4);}
        
/* sc-component-id: sc-bwzfXH */

      </style>
    </head>
    <body>
      <div>
        <section
          class="sc-bdVaJa hzSnTR"
        >
          <div />
        </section>
      </div>
    </body>
  </html>,
  "container": <div>
    <section
      class="sc-bdVaJa hzSnTR"
    >
      <div />
    </section>
  </div>,
  "debug": [Function],
  "getAllByAltText": [Function],
  "getAllByLabelText": [Function],
  "getAllByPlaceholderText": [Function],
  "getAllByTestId": [Function],
  "getAllByText": [Function],
  "getAllByTitle": [Function],
  "getAllByValue": [Function],
  "getByAltText": [Function],
  "getByLabelText": [Function],
  "getByPlaceholderText": [Function],
  "getByTestId": [Function],
  "getByText": [Function],
  "getByTitle": [Function],
  "getByValue": [Function],
  "queryAllByAltText": [Function],
  "queryAllByLabelText": [Function],
  "queryAllByPlaceholderText": [Function],
  "queryAllByTestId": [Function],
  "queryAllByText": [Function],
  "queryAllByTitle": [Function],
  "queryAllByValue": [Function],
  "queryByAltText": [Function],
  "queryByLabelText": [Function],
  "queryByPlaceholderText": [Function],
  "queryByTestId": [Function],
  "queryByText": [Function],
  "queryByTitle": [Function],
  "queryByValue": [Function],
  "rerender": [Function],
  "unmount": [Function],
}
`;
